---
source: tui/src/context_profiler/card_tests.rs
expression: "render(&normal_state(), 40)"
---
/ctx

╭──────────────────────────────────────╮
│ Context  23,000 / 272,000   96% rema │
│                                      │
│ Startup context                      │
│   instructions                       │
│   system + tools baseline (reconcile │
│   ↳ measured: first request = 20,000 │
│                                      │
│ Attributed to items     share of con │
│   Agent messages            ~1,156   │
│   Tool outputs                 800   │
│   Tool calls                  ~573   │
│   Instructions                ~227   │
│   Reasoning                    ~71   │
│   User messages                ~34   │
│ ──────────────────────────────────   │
│   total                     ~2,861   │
│                                      │
│   System + tools baseline  ~19,755   │
│   Reconciliation drift        ~384   │
│ ──────────────────────────────────   │
│   Reported context          23,000   │
│                                      │
│ Largest contributors (estimated)     │
│   1  Tool calls      …  ~1,373    6% │
│   2  Agent messages  …    ~756    3% │
│   3  Agent messages  …     400    2% │
│                                      │
│ Last 2 turns   added  context        │
│   2           +2,200   23,000        │
│   1                —   20,800        │
╰──────────────────────────────────────╯
